---
source: crates/planarc/src/loader.rs
expression: formatted
---
stream [0, 0] - [2, 16]
  document [0, 0] - [2, 16]
    block_node [0, 0] - [2, 16]
      block_mapping [0, 0] - [2, 16]
        block_mapping_pair [0, 0] - [2, 16]
          flow_node [0, 0] - [0, 8]
            plain_scalar [0, 0] - [0, 8]
              string_scalar [0, 0] - [0, 8]: "services"
          : [0, 8] - [0, 9]: ":"
          block_node [1, 2] - [2, 16]
            block_mapping [1, 2] - [2, 16]
              block_mapping_pair [1, 2] - [2, 16]
                flow_node [1, 2] - [1, 5]
                  plain_scalar [1, 2] - [1, 5]
                    string_scalar [1, 2] - [1, 5]: "web"
                : [1, 5] - [1, 6]: ":"
                block_node [2, 4] - [2, 16]
                  block_mapping [2, 4] - [2, 16]
                    block_mapping_pair [2, 4] - [2, 16]
                      flow_node [2, 4] - [2, 9]
                        plain_scalar [2, 4] - [2, 9]
                          string_scalar [2, 4] - [2, 9]: "image"
                      : [2, 9] - [2, 10]: ":"
                      flow_node [2, 11] - [2, 16]
                        plain_scalar [2, 11] - [2, 16]
                          string_scalar [2, 11] - [2, 16]: "nginx"
