---
source: crates/planarc/src/loader.rs
expression: formatted
---
document [0, 0] - [0, 31]
  object [0, 0] - [0, 31]
    { [0, 0] - [0, 1]: "{"
    pair [0, 1] - [0, 17]
      string [0, 1] - [0, 6]
        " [0, 1] - [0, 2]: """
        string_content [0, 2] - [0, 5]: "foo"
        " [0, 5] - [0, 6]: """
      : [0, 6] - [0, 7]: ":"
      array [0, 8] - [0, 17]
        [ [0, 8] - [0, 9]: "["
        number [0, 9] - [0, 10]: "1"
        , [0, 10] - [0, 11]: ","
        number [0, 12] - [0, 13]: "2"
        , [0, 13] - [0, 14]: ","
        number [0, 15] - [0, 16]: "3"
        ] [0, 16] - [0, 17]: "]"
    , [0, 17] - [0, 18]: ","
    pair [0, 19] - [0, 30]
      string [0, 19] - [0, 24]
        " [0, 19] - [0, 20]: """
        string_content [0, 20] - [0, 23]: "bar"
        " [0, 23] - [0, 24]: """
      : [0, 24] - [0, 25]: ":"
      null [0, 26] - [0, 30]: "null"
    } [0, 30] - [0, 31]: "}"
