---
source: crates/planarc/src/lowering/type_decl.rs
expression: ast
---
TypeDeclaration {
    attributes: [],
    name: "ParsableInt" @ Span { start: 5, end: 16, line: 1, col: 6, line_end: 0, col_end: 16 },
    definition: TypeDefinition {
        base_type: Some(
            TypeAnnotation {
                name: "String" @ Span { start: 19, end: 25, line: 1, col: 20, line_end: 0, col_end: 25 },
                refinement: Some(
                    Call {
                        function: Identifier(
                            "std.is_int",
                        ) @ Span { start: 32, end: 42, line: 1, col: 33, line_end: 0, col_end: 42 },
                        args: [
                            Identifier(
                                "it",
                            ) @ Span { start: 43, end: 45, line: 1, col: 44, line_end: 0, col_end: 45 },
                        ],
                    } @ Span { start: 26, end: 45, line: 1, col: 27, line_end: 0, col_end: 45 },
                ),
                args: [],
            },
        ),
        fields: [],
    } @ Span { start: 19, end: 45, line: 1, col: 20, line_end: 0, col_end: 45 },
} @ Span { start: 0, end: 45, line: 1, col: 1, line_end: 0, col_end: 45 }
