---
source: crates/planarc/src/lowering/facts.rs
expression: ast
---
FactDefinition {
    attributes: [],
    name: "Container" @ Span { start: 18, end: 27 },
    fields: [
        FactField {
            attributes: [],
            name: "item" @ Span { start: 46, end: 50 },
            ty: TypeAnnotation {
                name: "String" @ Span { start: 52, end: 58 },
                args: [],
                generic_var: Some(
                    "x",
                ),
            },
            refinement: None,
        } @ Span { start: 46, end: 61 },
        FactField {
            attributes: [],
            name: "count" @ Span { start: 78, end: 83 },
            ty: TypeAnnotation {
                name: "Int" @ Span { start: 85, end: 88 },
                args: [],
                generic_var: None,
            },
            refinement: Some(
                InRange {
                    start: Number(
                        "1",
                    ) @ Span { start: 95, end: 96 },
                    end: Some(
                        Number(
                            "100",
                        ) @ Span { start: 98, end: 101 },
                    ),
                } @ Span { start: 91, end: 102 },
            ),
        } @ Span { start: 78, end: 102 },
    ],
} @ Span { start: 13, end: 116 }
