---
source: crates/planarc/src/lowering/type_decl.rs
expression: ast
---
TypeDeclaration {
    name: "ParsableInt" @ Span { start: 5, end: 16, line: 1, col: 6 },
    ty: TypeAnnotation {
        name: "String" @ Span { start: 19, end: 25, line: 1, col: 20 },
        args: [],
        generic_var: Some(
            "x",
        ),
    },
    refinement: Some(
        Call {
            function: "std.is_int",
            args: [
                Identifier(
                    "x",
                ) @ Span { start: 42, end: 43, line: 1, col: 43 },
            ],
        } @ Span { start: 31, end: 44, line: 1, col: 32 },
    ),
} @ Span { start: 0, end: 44, line: 1, col: 1 }
